
> prompt_builder@0.0.0 test:e2e
> playwright test e2e/guest-mode.spec.ts


Running 1 test using 1 worker

[1A[2K[1/1] [electron] ΓÇ║ e2e\guest-mode.spec.ts:4:5 ΓÇ║ guest mode urls should be loaded
node.exe : [1A[2K[electron] 
ΓÇ║ e2e\guest-mode.spec.ts:4:5 
ΓÇ║ guest mode urls should be 
loaded
At line:1 char:1
+ & "C:\Program 
Files\nodejs/node.exe" 
"C:\Program 
Files\nodejs/node_mo ...
+ ~~~~~~~~~~~~~~~~~~~~~~~~~~~~~~
~~~~~~~~~~~~~~~~~~~~~~~~~~~~~~~~
~~~~~~~
    + CategoryInfo          : N 
   otSpecified: ([1A[2K[elec  
  tr...hould be loaded:String   
 ) [], RemoteException
    + FullyQualifiedErrorId : N 
   ativeCommandError
 
(node:2560) [DEP0190] 
DeprecationWarning: Passing 
args to a child process with 
shell option true can lead to 
security vulnerabilities, as 
the arguments are not escaped, 
only concatenated.
(Use `node --trace-deprecation 
...` to show where the warning 
was created)

[1A[2KGemini URL: 

[1A[2K  1) [electron] ΓÇ║ e2e\guest-mode.spec.ts:4:5 ΓÇ║ guest mode urls should be loaded ΓöÇΓöÇΓöÇΓöÇΓöÇΓöÇΓöÇΓöÇΓöÇΓöÇΓöÇΓöÇΓöÇΓöÇΓöÇΓöÇΓöÇΓöÇΓöÇΓöÇ

    Error: [2mexpect([22m[31mreceived[39m[2m).[22mtoContain[2m([22m[32mexpected[39m[2m) // indexOf[22m

    Expected substring: [32m"gemini.google.com"[39m
    Received string:    [31m""[39m

      19 |
      20 |     console.log('Gemini URL:', geminiUrl);
    > 21 |     expect(geminiUrl).toContain('gemini.google.com');
         |                       ^
      22 |
      23 |     // Switch to ChatGPT
      24 |     await page.getByRole('button', { name: 'ChatGPT' }).click();
        at C:\Users\gogog\Documents\prompt_builder\e2e\guest-mode.spec.ts:21:23


[1A[2K  1 failed
    [electron] ΓÇ║ e2e\guest-mode.spec.ts:4:5 ΓÇ║ guest mode urls should be loaded ΓöÇΓöÇΓöÇΓöÇΓöÇΓöÇΓöÇΓöÇΓöÇΓöÇΓöÇΓöÇΓöÇΓöÇΓöÇΓöÇΓöÇΓöÇΓöÇΓöÇΓöÇ

[36m  Serving HTML report at http://localhost:9323. Press Ctrl+C to quit.[39m
